smartplayer\views\BibliotecaPanel$7.class
smartplayer\views\ReproductorPanel.class
smartplayer\structures\ListaDoble.class
smartplayer\utils\VolumeAudioDevice.class
smartplayer\views\ArbolesPanel$3.class
smartplayer\views\ReproductorPanel$4.class
smartplayer\utils\StatsManager.class
smartplayer\views\LyricsPanel$5.class
smartplayer\views\MainFrame$3.class
smartplayer\views\MainFrame$AcercaDePanel.class
smartplayer\views\PlaylistPanel.class
smartplayer\views\QueuePanel.class
smartplayer\views\BibliotecaPanel.class
smartplayer\views\RoundedPanel.class
smartplayer\controllers\SearchController.class
smartplayer\views\EstadisticasPanel$2.class
smartplayer\views\RoundedTextField.class
smartplayer\views\MainFrame.class
smartplayer\views\RoundedButton$Variante.class
smartplayer\controllers\LyricsController.class
smartplayer\views\LyricsPanel$2.class
smartplayer\views\CustomScrollBarUI.class
smartplayer\views\RoundedTextField$1.class
smartplayer\structures\ListaCircular.class
smartplayer\views\ReproductorPanel$1.class
smartplayer\views\LyricsPanel$3.class
smartplayer\views\BibliotecaPanel$2.class
smartplayer\views\MainFrame$4.class
smartplayer\views\SpotifyProgressBar.class
smartplayer\views\ArbolesPanel$5.class
smartplayer\views\BibliotecaPanel$8.class
smartplayer\utils\IconGenerator.class
smartplayer\views\BarChartPanel.class
smartplayer\views\BibliotecaPanel$1.class
smartplayer\structures\Cola.class
smartplayer\views\MainFrame$5.class
smartplayer\utils\FileChooserUtil.class
smartplayer\views\SpotifyPanel.class
smartplayer\controllers\LibraryController.class
smartplayer\utils\ConfigManager.class
smartplayer\views\ArbolesPanel$4.class
smartplayer\views\LyricsPanel$4.class
smartplayer\controllers\CoverArtController.class
smartplayer\utils\ThemeManager$Theme.class
smartplayer\views\BibliotecaPanel$4$1.class
smartplayer\views\EstadisticasPanel$1.class
smartplayer\views\LyricsPanel$1.class
smartplayer\views\QueuePanel$1.class
smartplayer\views\SpotifySlider.class
smartplayer\utils\Encriptacion.class
smartplayer\controllers\PlaylistController$ResultadoImportacion.class
smartplayer\structures\ListaPlaylists.class
smartplayer\Main.class
smartplayer\views\BibliotecaPanel$3.class
smartplayer\structures\ArbolABB.class
smartplayer\views\MainFrame$PinkTabbedPaneUI.class
smartplayer\controllers\PlayerController$PlayMode.class
smartplayer\structures\ListaSimple.class
smartplayer\views\ArbolesPanel$TreeTabUI.class
smartplayer\views\ReproductorPanel$4$1.class
smartplayer\views\ArbolesPanel$2.class
smartplayer\views\CustomScrollBarUI$1.class
smartplayer\structures\Nodo.class
smartplayer\views\BibliotecaPanel$6.class
smartplayer\controllers\StatisticsController.class
smartplayer\models\Song.class
smartplayer\views\LyricsPanel$6.class
smartplayer\structures\Pila.class
smartplayer\views\PlaylistPanel$1.class
smartplayer\views\SongCard.class
smartplayer\views\SpotifyProgressBar$1.class
smartplayer\views\EstadisticasPanel.class
smartplayer\utils\ThemeManager.class
smartplayer\structures\NodoArbol.class
smartplayer\views\LyricsPanel.class
smartplayer\views\BibliotecaPanel$9.class
smartplayer\views\PlaylistPanel$4.class
smartplayer\views\SpotifyPanel$1.class
smartplayer\views\ArbolesPanel.class
smartplayer\views\ArbolesPanel$1.class
smartplayer\utils\FileManager.class
smartplayer\views\PlaylistPanel$3.class
smartplayer\views\SongCard$1.class
smartplayer\views\RoundedButton$1.class
smartplayer\views\TreeVisualizerPanel.class
smartplayer\controllers\PlayerController.class
smartplayer\models\Playlist.class
smartplayer\views\RoundedButton.class
smartplayer\views\BibliotecaPanel$5.class
smartplayer\views\MainFrame$1.class
smartplayer\views\TreeVisualizerPanel$1.class
smartplayer\structures\ArbolAVL.class
smartplayer\views\ReproductorPanel$2.class
smartplayer\views\SpotifySlider$SpotifySliderUI.class
smartplayer\controllers\SpotifyController.class
smartplayer\views\PlaylistPanel$2.class
smartplayer\views\SpotifySlider$SpotifySliderUI$1.class
smartplayer\views\BibliotecaPanel$4.class
smartplayer\structures\ListaPlaylists$NodoPlaylist.class
smartplayer\views\ReproductorPanel$3.class
smartplayer\views\MainFrame$2.class
smartplayer\controllers\PlaylistController.class
smartplayer\views\EqualizerPanel.class
