C:\Users\PERSONAL\OneDrive\Documentos\GitHub\bethssss\SmartPlayer\src\main\java\smartplayer\Main.java
C:\Users\PERSONAL\OneDrive\Documentos\GitHub\bethssss\SmartPlayer\src\main\java\smartplayer\controllers\SpotifyController.java
C:\Users\PERSONAL\OneDrive\Documentos\GitHub\bethssss\SmartPlayer\src\main\java\smartplayer\models\Song.java
C:\Users\PERSONAL\OneDrive\Documentos\GitHub\bethssss\SmartPlayer\src\main\java\smartplayer\views\EqualizerPanel.java
C:\Users\PERSONAL\OneDrive\Documentos\GitHub\bethssss\SmartPlayer\src\main\java\smartplayer\utils\FileManager.java
C:\Users\PERSONAL\OneDrive\Documentos\GitHub\bethssss\SmartPlayer\src\main\java\smartplayer\views\RoundedButton.java
C:\Users\PERSONAL\OneDrive\Documentos\GitHub\bethssss\SmartPlayer\src\main\java\smartplayer\views\SpotifySlider.java
C:\Users\PERSONAL\OneDrive\Documentos\GitHub\bethssss\SmartPlayer\src\main\java\smartplayer\structures\NodoArbol.java
C:\Users\PERSONAL\OneDrive\Documentos\GitHub\bethssss\SmartPlayer\src\main\java\smartplayer\structures\Cola.java
C:\Users\PERSONAL\OneDrive\Documentos\GitHub\bethssss\SmartPlayer\src\main\java\smartplayer\structures\ListaSimple.java
C:\Users\PERSONAL\OneDrive\Documentos\GitHub\bethssss\SmartPlayer\src\main\java\smartplayer\controllers\PlaylistController.java
C:\Users\PERSONAL\OneDrive\Documentos\GitHub\bethssss\SmartPlayer\src\main\java\smartplayer\structures\Nodo.java
C:\Users\PERSONAL\OneDrive\Documentos\GitHub\bethssss\SmartPlayer\src\main\java\smartplayer\views\SongCard.java
C:\Users\PERSONAL\OneDrive\Documentos\GitHub\bethssss\SmartPlayer\src\main\java\smartplayer\controllers\CoverArtController.java
C:\Users\PERSONAL\OneDrive\Documentos\GitHub\bethssss\SmartPlayer\src\main\java\smartplayer\utils\ConfigManager.java
C:\Users\PERSONAL\OneDrive\Documentos\GitHub\bethssss\SmartPlayer\src\main\java\smartplayer\utils\ThemeManager.java
C:\Users\PERSONAL\OneDrive\Documentos\GitHub\bethssss\SmartPlayer\src\main\java\smartplayer\views\MainFrame.java
C:\Users\PERSONAL\OneDrive\Documentos\GitHub\bethssss\SmartPlayer\src\main\java\smartplayer\views\BarChartPanel.java
C:\Users\PERSONAL\OneDrive\Documentos\GitHub\bethssss\SmartPlayer\src\main\java\smartplayer\views\TreeVisualizerPanel.java
C:\Users\PERSONAL\OneDrive\Documentos\GitHub\bethssss\SmartPlayer\src\main\java\smartplayer\utils\IconGenerator.java
C:\Users\PERSONAL\OneDrive\Documentos\GitHub\bethssss\SmartPlayer\src\main\java\smartplayer\views\ArbolesPanel.java
C:\Users\PERSONAL\OneDrive\Documentos\GitHub\bethssss\SmartPlayer\src\main\java\smartplayer\views\SpotifyProgressBar.java
C:\Users\PERSONAL\OneDrive\Documentos\GitHub\bethssss\SmartPlayer\src\main\java\smartplayer\structures\ListaPlaylists.java
C:\Users\PERSONAL\OneDrive\Documentos\GitHub\bethssss\SmartPlayer\src\main\java\smartplayer\views\SpotifyPanel.java
C:\Users\PERSONAL\OneDrive\Documentos\GitHub\bethssss\SmartPlayer\src\main\java\smartplayer\views\LyricsPanel.java
C:\Users\PERSONAL\OneDrive\Documentos\GitHub\bethssss\SmartPlayer\src\main\java\smartplayer\structures\ListaCircular.java
C:\Users\PERSONAL\OneDrive\Documentos\GitHub\bethssss\SmartPlayer\src\main\java\smartplayer\views\RoundedPanel.java
C:\Users\PERSONAL\OneDrive\Documentos\GitHub\bethssss\SmartPlayer\src\main\java\smartplayer\views\QueuePanel.java
C:\Users\PERSONAL\OneDrive\Documentos\GitHub\bethssss\SmartPlayer\src\main\java\smartplayer\views\ReproductorPanel.java
C:\Users\PERSONAL\OneDrive\Documentos\GitHub\bethssss\SmartPlayer\src\main\java\smartplayer\controllers\LyricsController.java
C:\Users\PERSONAL\OneDrive\Documentos\GitHub\bethssss\SmartPlayer\src\main\java\smartplayer\structures\ListaDoble.java
C:\Users\PERSONAL\OneDrive\Documentos\GitHub\bethssss\SmartPlayer\src\main\java\smartplayer\views\CustomScrollBarUI.java
C:\Users\PERSONAL\OneDrive\Documentos\GitHub\bethssss\SmartPlayer\src\main\java\smartplayer\structures\ArbolAVL.java
C:\Users\PERSONAL\OneDrive\Documentos\GitHub\bethssss\SmartPlayer\src\main\java\smartplayer\controllers\LibraryController.java
C:\Users\PERSONAL\OneDrive\Documentos\GitHub\bethssss\SmartPlayer\src\main\java\smartplayer\views\BibliotecaPanel.java
C:\Users\PERSONAL\OneDrive\Documentos\GitHub\bethssss\SmartPlayer\src\main\java\smartplayer\views\RoundedTextField.java
C:\Users\PERSONAL\OneDrive\Documentos\GitHub\bethssss\SmartPlayer\src\main\java\smartplayer\utils\StatsManager.java
C:\Users\PERSONAL\OneDrive\Documentos\GitHub\bethssss\SmartPlayer\src\main\java\smartplayer\controllers\StatisticsController.java
C:\Users\PERSONAL\OneDrive\Documentos\GitHub\bethssss\SmartPlayer\src\main\java\smartplayer\utils\VolumeAudioDevice.java
C:\Users\PERSONAL\OneDrive\Documentos\GitHub\bethssss\SmartPlayer\src\main\java\smartplayer\controllers\SearchController.java
C:\Users\PERSONAL\OneDrive\Documentos\GitHub\bethssss\SmartPlayer\src\main\java\smartplayer\utils\FileChooserUtil.java
C:\Users\PERSONAL\OneDrive\Documentos\GitHub\bethssss\SmartPlayer\src\main\java\smartplayer\views\EstadisticasPanel.java
C:\Users\PERSONAL\OneDrive\Documentos\GitHub\bethssss\SmartPlayer\src\main\java\smartplayer\structures\ArbolABB.java
C:\Users\PERSONAL\OneDrive\Documentos\GitHub\bethssss\SmartPlayer\src\main\java\smartplayer\utils\Encriptacion.java
C:\Users\PERSONAL\OneDrive\Documentos\GitHub\bethssss\SmartPlayer\src\main\java\smartplayer\views\PlaylistPanel.java
C:\Users\PERSONAL\OneDrive\Documentos\GitHub\bethssss\SmartPlayer\src\main\java\smartplayer\controllers\PlayerController.java
C:\Users\PERSONAL\OneDrive\Documentos\GitHub\bethssss\SmartPlayer\src\main\java\smartplayer\models\Playlist.java
C:\Users\PERSONAL\OneDrive\Documentos\GitHub\bethssss\SmartPlayer\src\main\java\smartplayer\structures\Pila.java
